
   1:41  error  'Link' is defined but never used. Allowed unused vars must match /^_/u                
@typescript-eslint/no-unused-vars
  10:7   error  'LeadsList' is assigned a value but never used. Allowed unused vars must match /^_/u  
@typescript-eslint/no-unused-vars
  23:8   error  Use "@ts-expect-error" instead of "@ts-ignore", as "@ts-ignore" will do nothing if the following line 
is error-free  @typescript-eslint/ban-ts-comment
  24:11  error  'blob' is defined but never used. Allowed unused args must match /^_/u                                 
              @typescript-eslint/no-unused-vars
  24:17  error  'url' is defined but never used. Allowed unused args must match /^_/u                                  
              @typescript-eslint/no-unused-vars
  24:31  error  'error' is defined but never used. Allowed unused args must match /^_/u                                
              @typescript-eslint/no-unused-vars
  3:46  error  'EyeOff' is defined but never used. Allowed unused vars must match /^_/u  
@typescript-eslint/no-unused-vars
  3:10  error  'Button' is defined but never used. Allowed unused vars must match /^_/u  
@typescript-eslint/no-unused-vars
  15:37  error  Error: Calling setState synchronously within an effect can trigger cascading renders
  27:16  error  'err' is defined but never used                                                                        
                                                                                                                       
                                                                                                                       
                                                                                                                       
                                                                                                                       
                                                                                                                       
                                                                                                                       
                                                                                                                       
                                                                                                                       
                                                                                                                       
 @typescript-eslint/no-unused-vars
  8:10  error  'Landmark' is defined but never used. Allowed unused vars must match /^_/u  
@typescript-eslint/no-unused-vars
    8:13  error    'Search' is defined but never used. Allowed unused vars must match /^_/u                            
                                                                                                                       
                                                                                                                       
                                                                                                                       
                                                                                                                       
                                                                                                                       
                                                                                                                       
   @typescript-eslint/no-unused-vars
    8:27  error    'Edit2' is defined but never used. Allowed unused vars must match /^_/u                             
                                                                                                                       
                                                                                                                       
                                                                                                                       
                                                                                                                       
                                                                                                                       
                                                                                                                       
   @typescript-eslint/no-unused-vars
    9:3   error    'RefreshCw' is defined but never used. Allowed unused vars must match /^_/u                         
                                                                                                                       
                                                                                                                       
                                                                                                                       
                                                                                                                       
                                                                                                                       
                                                                                                                       
   @typescript-eslint/no-unused-vars
    9:14  error    'Landmark' is defined but never used. Allowed unused vars must match /^_/u                          
                                                                                                                       
                                                                                                                       
                                                                                                                       
                                                                                                                       
                                                                                                                       
                                                                                                                       
   @typescript-eslint/no-unused-vars
    9:24  error    'Calculator' is defined but never used. Allowed unused vars must match /^_/u                        
                                                                                                                       
                                                                                                                       
                                                                                                                       
                                                                                                                       
                                                                                                                       
                                                                                                                       
   @typescript-eslint/no-unused-vars
    9:36  error    'AlertTriangle' is defined but never used. Allowed unused vars must match /^_/u                     
                                                                                                                       
                                                                                                                       
                                                                                                                       
                                                                                                                       
                                                                                                                       
                                                                                                                       
   @typescript-eslint/no-unused-vars
    9:51  error    'FileText' is defined but never used. Allowed unused vars must match /^_/u                          
                                                                                                                       
                                                                                                                       
                                                                                                                       
                                                                                                                       
                                                                                                                       
                                                                                                                       
   @typescript-eslint/no-unused-vars
    9:61  error    'ArrowRightLeft' is defined but never used. Allowed unused vars must match /^_/u                    
                                                                                                                       
                                                                                                                       
                                                                                                                       
                                                                                                                       
                                                                                                                       
                                                                                                                       
   @typescript-eslint/no-unused-vars
   84:10  error    'searchQuery' is assigned a value but never used. Allowed unused vars must match /^_/u              
                                                                                                                       
                                                                                                                       
                                                                                                                       
                                                                                                                       
                                                                                                                       
                                                                                                                       
   @typescript-eslint/no-unused-vars
   84:23  error    'setSearchQuery' is assigned a value but never used. Allowed unused vars must match /^_/u           
                                                                                                                       
                                                                                                                       
                                                                                                                       
                                                                                                                       
                                                                                                                       
                                                                                                                       
   @typescript-eslint/no-unused-vars
  10:32  error  'DollarSign' is defined but never used. Allowed unused vars must match /^_/u                           
                                                                                                                       
                                                                                                                       
                                                                                                                       
                                                                                                                       
                                                                                                                       
                                                                                                                       
                                                                                                                       
                                                                                   @typescript-eslint/no-unused-vars
  10:44  error  'Globe' is defined but never used. Allowed unused vars must match /^_/u                                
                                                                                                                       
                                                                                                                       
                                                                                                                       
                                                                                                                       
                                                                                                                       
                                                                                                                       
                                                                                                                       
                                                                                   @typescript-eslint/no-unused-vars
  44:7   error  Error: Calling setState synchronously within an effect can trigger cascading renders
   7:27  error    'Shield' is defined but never used. Allowed unused vars must match /^_/u                             
                                                                                                                       
                                                                                                                       
                                                                                                                       
                                                                                                                       
                                                                                               
@typescript-eslint/no-unused-vars
   9:21  error    'Shield' is defined but never used. Allowed unused vars must match /^_/u                             
                                                                                                                       
                                                                                                                       
                                                                                                                       
                                                                                                                       
                                                                                             
@typescript-eslint/no-unused-vars
  30:11  error    'register' is assigned a value but never used. Allowed unused vars must match /^_/u                  
                                                                                                                       
                                                                                                                       
                                                                                                                       
                                                                                                                       
                                                                                             
@typescript-eslint/no-unused-vars
   7:43  error  'ShieldCheck' is defined but never used. Allowed unused vars must match /^_/u        
@typescript-eslint/no-unused-vars
   8:24  error  'AlertTriangle' is defined but never used. Allowed unused vars must match /^_/u      
@typescript-eslint/no-unused-vars
  44:42  error  'setValue' is assigned a value but never used. Allowed unused vars must match /^_/u  
@typescript-eslint/no-unused-vars
    8:10  error    'UserPlus' is defined but never used. Allowed unused vars must match /^_/u                          
                                                                                                                       
                                                                                                                       
                                                                                                                       
                                                                                                                       
                                                                                                                       
                                                                                                                       
                                                                                                                       
                                              @typescript-eslint/no-unused-vars
    8:49  error    'CheckCircle2' is defined but never used. Allowed unused vars must match /^_/u                      
                                                                                                                       
                                                                                                                       
                                                                                                                       
                                                                                                                       
                                                                                                                       
                                                                                                                       
                                                                                                                       
                                              @typescript-eslint/no-unused-vars
    9:35  error    'AlertCircle' is defined but never used. Allowed unused vars must match /^_/u                       
                                                                                                                       
                                                                                                                       
                                                                                                                       
                                                                                                                       
                                                                                                                       
                                                                                                                       
                                                                                                                       
                                              @typescript-eslint/no-unused-vars
  186:14  error    'err' is defined but never used                                                                     
                                                                                                                       
                                                                                                                       
                                                                                                                       
                                                                                                                       
                                                                                                                       
                                                                                                                       
                                                                                                                       
                                              @typescript-eslint/no-unused-vars
  194:5   error    Error: Calling setState synchronously within an effect can trigger cascading renders
  348:14  error    'err' is defined but never used                                                                     
                                                                                                                       
                                                                                                                       
                                                                                                                       
                                                                                                                       
                                                                                                                       
                                                                                                                       
                                                                                                                       
                                              @typescript-eslint/no-unused-vars
  358:14  error    'err' is defined but never used                                                                     
                                                                                                                       
                                                                                                                       
                                                                                                                       
                                                                                                                       
                                                                                                                       
                                                                                                                       
                                                                                                                       
                                              @typescript-eslint/no-unused-vars
   2:13  error  'Receipt' is defined but never used. Allowed unused vars must match /^_/u                              
                                                                                                                       
                                                                                                                       
                                                                                                                       
                                                                                                                       
              @typescript-eslint/no-unused-vars
   2:22  error  'FileText' is defined but never used. Allowed unused vars must match /^_/u                             
                                                                                                                       
                                                                                                                       
                                                                                                                       
                                                                                                                       
              @typescript-eslint/no-unused-vars
   2:32  error  'CreditCard' is defined but never used. Allowed unused vars must match /^_/u                           
                                                                                                                       
                                                                                                                       
                                                                                                                       
                                                                                                                       
              @typescript-eslint/no-unused-vars
   2:44  error  'ChevronRight' is defined but never used. Allowed unused vars must match /^_/u                         
                                                                                                                       
                                                                                                                       
                                                                                                                       
                                                                                                                       
              @typescript-eslint/no-unused-vars
  73:5   error  Error: Cannot reassign variable after render completes
  1:17  error  'useState' is defined but never used. Allowed unused vars must match /^_/u  
@typescript-eslint/no-unused-vars
  3:48  error  'Package' is defined but never used. Allowed unused vars must match /^_/u   
@typescript-eslint/no-unused-vars
  6:10  error  'toast' is defined but never used. Allowed unused vars must match /^_/u     
@typescript-eslint/no-unused-vars
    5:10  error    'Activity' is defined but never used. Allowed unused vars must match /^_/u                          
                                                                                                                       
                                                                                                                       
                                                                                                                       
                                                                                                                       
                                                                                                                       
                                                                                                                       
                                                                                                                       
                                                                                @typescript-eslint/no-unused-vars
    5:20  error    'Shield' is defined but never used. Allowed unused vars must match /^_/u                            
                                                                                                                       
                                                                                                                       
                                                                                                                       
                                                                                                                       
                                                                                                                       
                                                                                                                       
                                                                                                                       
                                                                                @typescript-eslint/no-unused-vars
    5:55  error    'AlertTriangle' is defined but never used. Allowed unused vars must match /^_/u                     
                                                                                                                       
                                                                                                                       
                                                                                                                       
                                                                                                                       
                                                                                                                       
                                                                                                                       
                                                                                                                       
                                                                                @typescript-eslint/no-unused-vars
    6:3   error    'Settings' is defined but never used. Allowed unused vars must match /^_/u                          
                                                                                                                       
                                                                                                                       
                                                                                                                       
                                                                                                                       
                                                                                                                       
                                                                                                                       
                                                                                                                       
                                                                                @typescript-eslint/no-unused-vars
    6:39  error    'Lock' is defined but never used. Allowed unused vars must match /^_/u                              
                                                                                                                       
                                                                                                                       
                                                                                                                       
                                                                                                                       
                                                                                                                       
                                                                                                                       
                                                                                                                       
                                                                                @typescript-eslint/no-unused-vars
    6:45  error    'Unlock' is defined but never used. Allowed unused vars must match /^_/u                            
                                                                                                                       
                                                                                                                       
                                                                                                                       
                                                                                                                       
                                                                                                                       
                                                                                                                       
                                                                                                                       
                                                                                @typescript-eslint/no-unused-vars
    6:59  error    'FileText' is defined but never used. Allowed unused vars must match /^_/u                          
                                                                                                                       
                                                                                                                       
                                                                                                                       
                                                                                                                       
                                                                                                                       
                                                                                                                       
                                                                                                                       
                                                                                @typescript-eslint/no-unused-vars
   26:10  error    'refreshing' is assigned a value but never used. Allowed unused vars must match /^_/u               
                                                                                                                       
                                                                                                                       
                                                                                                                       
                                                                                                                       
                                                                                                                       
                                                                                                                       
                                                                                                                       
                                                                                @typescript-eslint/no-unused-vars
   26:22  error    'setRefreshing' is assigned a value but never used. Allowed unused vars must match /^_/u            
                                                                                                                       
                                                                                                                       
                                                                                                                       
                                                                                                                       
                                                                                                                       
                                                                                                                       
                                                                                                                       
                                                                                @typescript-eslint/no-unused-vars
   30:10  error    'subscriptions' is assigned a value but never used. Allowed unused vars must match /^_/u            
                                                                                                                       
                                                                                                                       
                                                                                                                       
                                                                                                                       
                                                                                                                       
                                                                                                                       
                                                                                                                       
                                                                                @typescript-eslint/no-unused-vars
   35:10  error    'settings' is assigned a value but never used. Allowed unused vars must match /^_/u                 
                                                                                                                       
                                                                                                                       
                                                                                                                       
                                                                                                                       
                                                                                                                       
                                                                                                                       
                                                                                                                       
                                                                                @typescript-eslint/no-unused-vars
  109:5   error    Error: Calling setState synchronously within an effect can trigger cascading renders
  124:14  error    'err' is defined but never used                                                                     
                                                                                                                       
                                                                                                                       
                                                                                                                       
                                                                                                                       
                                                                                                                       
                                                                                                                       
                                                                                                                       
                                                                                @typescript-eslint/no-unused-vars
  135:14  error    'err' is defined but never used                                                                     
                                                                                                                       
                                                                                                                       
                                                                                                                       
                                                                                                                       
                                                                                                                       
                                                                                                                       
                                                                                                                       
                                                                                @typescript-eslint/no-unused-vars
  154:14  error    'err' is defined but never used                                                                     
                                                                                                                       
                                                                                                                       
                                                                                                                       
                                                                                                                       
                                                                                                                       
                                                                                                                       
                                                                                                                       
                                                                                @typescript-eslint/no-unused-vars
  179:14  error    'err' is defined but never used                                                                     
                                                                                                                       
                                                                                                                       
                                                                                                                       
                                                                                                                       
                                                                                                                       
                                                                                                                       
                                                                                                                       
                                                                                @typescript-eslint/no-unused-vars
  189:14  error    'err' is defined but never used                                                                     
                                                                                                                       
                                                                                                                       
                                                                                                                       
                                                                                                                       
                                                                                                                       
                                                                                                                       
                                                                                                                       
                                                                                @typescript-eslint/no-unused-vars
    1:27  error  'useEffect' is defined but never used. Allowed unused vars must match /^_/u    
@typescript-eslint/no-unused-vars
    8:13  error  'Users' is defined but never used. Allowed unused vars must match /^_/u        
@typescript-eslint/no-unused-vars
    8:20  error  'Landmark' is defined but never used. Allowed unused vars must match /^_/u     
@typescript-eslint/no-unused-vars
    9:12  error  'RefreshCw' is defined but never used. Allowed unused vars must match /^_/u    
@typescript-eslint/no-unused-vars
    9:34  error  'Award' is defined but never used. Allowed unused vars must match /^_/u        
@typescript-eslint/no-unused-vars
    9:41  error  'Calendar' is defined but never used. Allowed unused vars must match /^_/u     
@typescript-eslint/no-unused-vars
    9:51  error  'CheckSquare' is defined but never used. Allowed unused vars must match /^_/u  
@typescript-eslint/no-unused-vars
    9:64  error  'FileText' is defined but never used. Allowed unused vars must match /^_/u     
@typescript-eslint/no-unused-vars
   73:11  error  'Attendance' is defined but never used. Allowed unused vars must match /^_/u   
@typescript-eslint/no-unused-vars
  261:14  error  'err' is defined but never used                                                
@typescript-eslint/no-unused-vars
    8:43  error    'RefreshCw' is defined but never used. Allowed unused vars must match /^_/u                         
                                                                                                                       
                                                                                                                       
                                                                                                                       
                                                                                                                       
                                                                                                                       
                                                                                                                       
                                                                                                                       
                                                                                 @typescript-eslint/no-unused-vars
    9:3   error    'Calendar' is defined but never used. Allowed unused vars must match /^_/u                          
                                                                                                                       
                                                                                                                       
                                                                                                                       
                                                                                                                       
                                                                                                                       
                                                                                                                       
                                                                                                                       
                                                                                 @typescript-eslint/no-unused-vars
    9:13  error    'CreditCard' is defined but never used. Allowed unused vars must match /^_/u                        
                                                                                                                       
                                                                                                                       
                                                                                                                       
                                                                                                                       
                                                                                                                       
                                                                                                                       
                                                                                                                       
                                                                                 @typescript-eslint/no-unused-vars
    9:25  error    'DollarSign' is defined but never used. Allowed unused vars must match /^_/u                        
                                                                                                                       
                                                                                                                       
                                                                                                                       
                                                                                                                       
                                                                                                                       
                                                                                                                       
                                                                                                                       
                                                                                 @typescript-eslint/no-unused-vars
    9:37  error    'Wallet' is defined but never used. Allowed unused vars must match /^_/u                            
                                                                                                                       
                                                                                                                       
                                                                                                                       
                                                                                                                       
                                                                                                                       
                                                                                                                       
                                                                                                                       
                                                                                 @typescript-eslint/no-unused-vars
    9:45  error    'FileText' is defined but never used. Allowed unused vars must match /^_/u                          
                                                                                                                       
                                                                                                                       
                                                                                                                       
                                                                                                                       
                                                                                                                       
                                                                                                                       
                                                                                                                       
                                                                                 @typescript-eslint/no-unused-vars
    9:55  error    'ArrowRightLeft' is defined but never used. Allowed unused vars must match /^_/u                    
                                                                                                                       
                                                                                                                       
                                                                                                                       
                                                                                                                       
                                                                                                                       
                                                                                                                       
                                                                                                                       
                                                                                 @typescript-eslint/no-unused-vars
  116:14  error    'err' is defined but never used                                                                     
                                                                                                                       
                                                                                                                       
                                                                                                                       
                                                                                                                       
                                                                                                                       
                                                                                                                       
                                                                                                                       
                                                                                 @typescript-eslint/no-unused-vars
  124:5   error    Error: Calling setState synchronously within an effect can trigger cascading renders
  4:20  error  'Plus' is defined but never used. Allowed unused vars must match /^_/u  
@typescript-eslint/no-unused-vars
   1:27  error  'useEffect' is defined but never used. Allowed unused vars must match /^_/u           
@typescript-eslint/no-unused-vars
  14:34  error  'isLoading' is assigned a value but never used. Allowed unused vars must match /^_/u  
@typescript-eslint/no-unused-vars
  48:9  error  Error: Calling setState synchronously within an effect can trigger cascading renders
  22:35  error  Error: Cannot call impure function during render
  66:9   error  Error: Calling setState synchronously within an effect can trigger cascading renders
   1:27  error  'useEffect' is defined but never used. Allowed unused vars must match /^_/u           
@typescript-eslint/no-unused-vars
   4:30  error  'Eye' is defined but never used. Allowed unused vars must match /^_/u                 
@typescript-eslint/no-unused-vars
   4:35  error  'Download' is defined but never used. Allowed unused vars must match /^_/u            
@typescript-eslint/no-unused-vars
  14:31  error  'isLoading' is assigned a value but never used. Allowed unused vars must match /^_/u  
@typescript-eslint/no-unused-vars
    8:54  error    'WarehouseIcon' is defined but never used. Allowed unused vars must match /^_/u                     
                                                                                                                       
                                                                                                                       
                                                                                                                       
                                                                                                                       
                                                                                                                       
                                                                                                                       
                                                                                                                       
                                                          @typescript-eslint/no-unused-vars
    9:3   error    'Tag' is defined but never used. Allowed unused vars must match /^_/u                               
                                                                                                                       
                                                                                                                       
                                                                                                                       
                                                                                                                       
                                                                                                                       
                                                                                                                       
                                                                                                                       
                                                          @typescript-eslint/no-unused-vars
    9:17  error    'Landmark' is defined but never used. Allowed unused vars must match /^_/u                          
                                                                                                                       
                                                                                                                       
                                                                                                                       
                                                                                                                       
                                                                                                                       
                                                                                                                       
                                                                                                                       
                                                          @typescript-eslint/no-unused-vars
    9:38  error    'Barcode' is defined but never used. Allowed unused vars must match /^_/u                           
                                                                                                                       
                                                                                                                       
                                                                                                                       
                                                                                                                       
                                                                                                                       
                                                                                                                       
                                                                                                                       
                                                          @typescript-eslint/no-unused-vars
    9:47  error    'Scale' is defined but never used. Allowed unused vars must match /^_/u                             
                                                                                                                       
                                                                                                                       
                                                                                                                       
                                                                                                                       
                                                                                                                       
                                                                                                                       
                                                                                                                       
                                                          @typescript-eslint/no-unused-vars
  199:14  error    'err' is defined but never used                                                                     
                                                                                                                       
                                                                                                                       
                                                                                                                       
                                                                                                                       
                                                                                                                       
                                                                                                                       
                                                                                                                       
                                                          @typescript-eslint/no-unused-vars
  207:5   error    Error: Calling setState synchronously within an effect can trigger cascading renders
  241:9   error    'handleProductSubmit' is assigned a value but never used. Allowed unused vars must match /^_/u      
                                                                                                                       
                                                                                                                       
                                                                                                                       
                                                                                                                       
                                                                                                                       
                                                                                                                       
                                                                                                                       
                                                          @typescript-eslint/no-unused-vars
  860:28  error    'err' is defined but never used                                                                     
                                                                                                                       
                                                                                                                       
                                                                                                                       
                                                                                                                       
                                                                                                                       
                                                                                                                       
                                                                                                                       
                                                          @typescript-eslint/no-unused-vars
    1:38  error    'useMemo' is defined but never used. Allowed unused vars must match /^_/u                           
                                                                                                                       
    @typescript-eslint/no-unused-vars
    3:28  error    'Box' is defined but never used. Allowed unused vars must match /^_/u                               
                                                                                                                       
    @typescript-eslint/no-unused-vars
    3:81  error    'Loader2' is defined but never used. Allowed unused vars must match /^_/u                           
                                                                                                                       
    @typescript-eslint/no-unused-vars
   68:35  error    'reset' is assigned a value but never used. Allowed unused vars must match /^_/u                    
                                                                                                                       
    @typescript-eslint/no-unused-vars
  246:14  error    'error' is defined but never used                                                                   
                                                                                                                       
    @typescript-eslint/no-unused-vars
    8:3   error    'FileText' is defined but never used. Allowed unused vars must match /^_/u                          
                                                                                                                       
                                                                                                                       
                                                                                                                       
                                                                                                                       
                                                                                                                       
                                                                                        
@typescript-eslint/no-unused-vars
    8:42  error    'Landmark' is defined but never used. Allowed unused vars must match /^_/u                          
                                                                                                                       
                                                                                                                       
                                                                                                                       
                                                                                                                       
                                                                                                                       
                                                                                        
@typescript-eslint/no-unused-vars
    9:12  error    'RefreshCw' is defined but never used. Allowed unused vars must match /^_/u                         
                                                                                                                       
                                                                                                                       
                                                                                                                       
                                                                                                                       
                                                                                                                       
                                                                                        
@typescript-eslint/no-unused-vars
    9:23  error    'AlertTriangle' is defined but never used. Allowed unused vars must match /^_/u                     
                                                                                                                       
                                                                                                                       
                                                                                                                       
                                                                                                                       
                                                                                                                       
                                                                                        
@typescript-eslint/no-unused-vars
    9:38  error    'Calendar' is defined but never used. Allowed unused vars must match /^_/u                          
                                                                                                                       
                                                                                                                       
                                                                                                                       
                                                                                                                       
                                                                                                                       
                                                                                        
@typescript-eslint/no-unused-vars
    9:48  error    'CreditCard' is defined but never used. Allowed unused vars must match /^_/u                        
                                                                                                                       
                                                                                                                       
                                                                                                                       
                                                                                                                       
                                                                                                                       
                                                                                        
@typescript-eslint/no-unused-vars
    9:86  error    'Download' is defined but never used. Allowed unused vars must match /^_/u                          
                                                                                                                       
                                                                                                                       
                                                                                                                       
                                                                                                                       
                                                                                                                       
                                                                                        
@typescript-eslint/no-unused-vars
  330:18  error    'err' is defined but never used                                                                     
                                                                                                                       
                                                                                                                       
                                                                                                                       
                                                                                                                       
                                                                                                                       
                                                                                        
@typescript-eslint/no-unused-vars
  362:14  error    'err' is defined but never used                                                                     
                                                                                                                       
                                                                                                                       
                                                                                                                       
                                                                                                                       
                                                                                                                       
                                                                                        
@typescript-eslint/no-unused-vars
  417:14  error    'err' is defined but never used                                                                     
                                                                                                                       
                                                                                                                       
                                                                                                                       
                                                                                                                       
                                                                                                                       
                                                                                        
@typescript-eslint/no-unused-vars
   1:27  error  'useEffect' is defined but never used. Allowed unused vars must match /^_/u      
@typescript-eslint/no-unused-vars
  11:3   error  'BarChart' is defined but never used. Allowed unused vars must match /^_/u       
@typescript-eslint/no-unused-vars
  11:13  error  'Bar' is defined but never used. Allowed unused vars must match /^_/u            
@typescript-eslint/no-unused-vars
  11:18  error  'XAxis' is defined but never used. Allowed unused vars must match /^_/u          
@typescript-eslint/no-unused-vars
  11:25  error  'YAxis' is defined but never used. Allowed unused vars must match /^_/u          
@typescript-eslint/no-unused-vars
  11:32  error  'CartesianGrid' is defined but never used. Allowed unused vars must match /^_/u  
@typescript-eslint/no-unused-vars
   11:10  error    'useSessionStore' is defined but never used. Allowed unused vars must match /^_/u                   
                                                                                                                       
                                                                                                                       
                                                                                                                       
                                                                                                                       
                                                                                                                       
                                                                                                                       
                                                                                                                       
                                                                                        
@typescript-eslint/no-unused-vars
    4:14  error    'Save' is defined but never used. Allowed unused vars must match /^_/u                              
                                                                                                                       
                                                                                                                       
                                                                                                                       
                                                                                                                       
                                                                                                                       
                                                                                                                       
                                                                                                                       
                                                                                                                       
                                                                     @typescript-eslint/no-unused-vars
    4:20  error    'FileText' is defined but never used. Allowed unused vars must match /^_/u                          
                                                                                                                       
                                                                                                                       
                                                                                                                       
                                                                                                                       
                                                                                                                       
                                                                                                                       
                                                                                                                       
                                                                                                                       
                                                                     @typescript-eslint/no-unused-vars
    4:45  error    'Plus' is defined but never used. Allowed unused vars must match /^_/u                              
                                                                                                                       
                                                                                                                       
                                                                                                                       
                                                                                                                       
                                                                                                                       
                                                                                                                       
                                                                                                                       
                                                                                                                       
                                                                     @typescript-eslint/no-unused-vars
    4:51  error    'Trash2' is defined but never used. Allowed unused vars must match /^_/u                            
                                                                                                                       
                                                                                                                       
                                                                                                                       
                                                                                                                       
                                                                                                                       
                                                                                                                       
                                                                                                                       
                                                                                                                       
                                                                     @typescript-eslint/no-unused-vars
    5:3   error    'DollarSign' is defined but never used. Allowed unused vars must match /^_/u                        
                                                                                                                       
                                                                                                                       
                                                                                                                       
                                                                                                                       
                                                                                                                       
                                                                                                                       
                                                                                                                       
                                                                                                                       
                                                                     @typescript-eslint/no-unused-vars
    5:46  error    'AlertCircle' is defined but never used. Allowed unused vars must match /^_/u                       
                                                                                                                       
                                                                                                                       
                                                                                                                       
                                                                                                                       
                                                                                                                       
                                                                                                                       
                                                                                                                       
                                                                                                                       
                                                                     @typescript-eslint/no-unused-vars
    7:10  error    'PageHeader' is defined but never used. Allowed unused vars must match /^_/u                        
                                                                                                                       
                                                                                                                       
                                                                                                                       
                                                                                                                       
                                                                                                                       
                                                                                                                       
                                                                                                                       
                                                                                                                       
                                                                     @typescript-eslint/no-unused-vars
   87:5   error    Error: Calling setState synchronously within an effect can trigger cascading renders
  142:7   error    Error: Calling setState synchronously within an effect can trigger cascading renders
  258:9   error    'isBank' is assigned a value but never used. Allowed unused vars must match /^_/u                   
                                                                                                                       
                                                                                                                       
                                                                                                                       
                                                                                                                       
                                                                                                                       
                                                                                                                       
                                                                                                                       
                                                                                                                       
                                                                     @typescript-eslint/no-unused-vars
   4:47  error  'Filter' is defined but never used. Allowed unused vars must match /^_/u                               
                                                                                                                       
                                                                                                                       
                                                                                                                       
                                                                                                                       
                                                                                                                       
                                                                                                                       
                                                                                                                       
                                                                                  @typescript-eslint/no-unused-vars
   4:55  error  'Calendar' is defined but never used. Allowed unused vars must match /^_/u                             
                                                                                                                       
                                                                                                                       
                                                                                                                       
                                                                                                                       
                                                                                                                       
                                                                                                                       
                                                                                                                       
                                                                                  @typescript-eslint/no-unused-vars
  43:5   error  Error: Calling setState synchronously within an effect can trigger cascading renders
  51:14  error  'err' is defined but never used                                                                        
                                                                                                                       
                                                                                                                       
                                                                                                                       
                                                                                                                       
                                                                                                                       
                                                                                                                       
                                                                                                                       
                                                                                  @typescript-eslint/no-unused-vars
  60:14  error  'err' is defined but never used                                                                        
                                                                                                                       
                                                                                                                       
                                                                                                                       
                                                                                                                       
                                                                                                                       
                                                                                                                       
                                                                                                                       
                                                                                  @typescript-eslint/no-unused-vars
  73:14  error  'err' is defined but never used                                                                        
                                                                                                                       
                                                                                                                       
                                                                                                                       
                                                                                                                       
                                                                                                                       
                                                                                                                       
                                                                                                                       
                                                                                  @typescript-eslint/no-unused-vars
    8:27  error    'Edit2' is defined but never used. Allowed unused vars must match /^_/u                             
                                                                                                                       
                                                                                                                       
                                                                                                                       
                                                                                                                       
                                                                                                                       
                                                                                                                       
                                                                                                           
@typescript-eslint/no-unused-vars
    8:42  error    'Landmark' is defined but never used. Allowed unused vars must match /^_/u                          
                                                                                                                       
                                                                                                                       
                                                                                                                       
                                                                                                                       
                                                                                                                       
                                                                                                                       
                                                                                                           
@typescript-eslint/no-unused-vars
    9:12  error    'RefreshCw' is defined but never used. Allowed unused vars must match /^_/u                         
                                                                                                                       
                                                                                                                       
                                                                                                                       
                                                                                                                       
                                                                                                                       
                                                                                                                       
                                                                                                           
@typescript-eslint/no-unused-vars
    9:23  error    'AlertTriangle' is defined but never used. Allowed unused vars must match /^_/u                     
                                                                                                                       
                                                                                                                       
                                                                                                                       
                                                                                                                       
                                                                                                                       
                                                                                                                       
                                                                                                           
@typescript-eslint/no-unused-vars
    9:38  error    'Calendar' is defined but never used. Allowed unused vars must match /^_/u                          
                                                                                                                       
                                                                                                                       
                                                                                                                       
                                                                                                                       
                                                                                                                       
                                                                                                                       
                                                                                                           
@typescript-eslint/no-unused-vars
    9:48  error    'CreditCard' is defined but never used. Allowed unused vars must match /^_/u                        
                                                                                                                       
                                                                                                                       
                                                                                                                       
                                                                                                                       
                                                                                                                       
                                                                                                                       
                                                                                                           
@typescript-eslint/no-unused-vars
    9:60  error    'DollarSign' is defined but never used. Allowed unused vars must match /^_/u                        
                                                                                                                       
                                                                                                                       
                                                                                                                       
                                                                                                                       
                                                                                                                       
                                                                                                                       
                                                                                                           
@typescript-eslint/no-unused-vars
    9:72  error    'ArrowUpRight' is defined but never used. Allowed unused vars must match /^_/u                      
                                                                                                                       
                                                                                                                       
                                                                                                                       
                                                                                                                       
                                                                                                                       
                                                                                                                       
                                                                                                           
@typescript-eslint/no-unused-vars
    9:86  error    'Download' is defined but never used. Allowed unused vars must match /^_/u                          
                                                                                                                       
                                                                                                                       
                                                                                                                       
                                                                                                                       
                                                                                                                       
                                                                                                                       
                                                                                                           
@typescript-eslint/no-unused-vars
  127:10  error    'quotations' is assigned a value but never used. Allowed unused vars must match /^_/u               
                                                                                                                       
                                                                                                                       
                                                                                                                       
                                                                                                                       
                                                                                                                       
                                                                                                                       
                                                                                                           
@typescript-eslint/no-unused-vars
  329:14  error    'err' is defined but never used                                                                     
                                                                                                                       
                                                                                                                       
                                                                                                                       
                                                                                                                       
                                                                                                                       
                                                                                                                       
                                                                                                           
@typescript-eslint/no-unused-vars
  14:31  error  'isLoading' is assigned a value but never used. Allowed unused vars must match /^_/u  
@typescript-eslint/no-unused-vars
   6:31  error  'Landmark' is defined but never used. Allowed unused vars must match /^_/u                             
                                                                                                                       
                                                                                                                       
                                                                                                                       
                                                                                                                       
                                                                                                                       
                                                                                                                       
                                                                                                                       
                                                                                                                       
                                                           @typescript-eslint/no-unused-vars
   6:69  error  'RefreshCw' is defined but never used. Allowed unused vars must match /^_/u                            
                                                                                                                       
                                                                                                                       
                                                                                                                       
                                                                                                                       
                                                                                                                       
                                                                                                                       
                                                                                                                       
                                                                                                                       
                                                           @typescript-eslint/no-unused-vars
   6:96  error  'AlertTriangle' is defined but never used. Allowed unused vars must match /^_/u                        
                                                                                                                       
                                                                                                                       
                                                                                                                       
                                                                                                                       
                                                                                                                       
                                                                                                                       
                                                                                                                       
                                                                                                                       
                                                           @typescript-eslint/no-unused-vars
  65:63  error  'isDirty' is assigned a value but never used. Allowed unused vars must match /^_/u                     
                                                                                                                       
                                                                                                                       
                                                                                                                       
                                                                                                                       
                                                                                                                       
                                                                                                                       
                                                                                                                       
                                                                                                                       
                                                           @typescript-eslint/no-unused-vars
  92:7   error  Error: Calling setState synchronously within an effect can trigger cascading renders
    6:32  error    'Landmark' is defined but never used. Allowed unused vars must match /^_/u                          
                                                                                                                       
                                                                                                                       
                                                                                                                       
                                                                                                                       
                                                                                                                       
                                                                                                                       
                                                                                                                       
                                                         @typescript-eslint/no-unused-vars
    6:51  error    'FileText' is defined but never used. Allowed unused vars must match /^_/u                          
                                                                                                                       
                                                                                                                       
                                                                                                                       
                                                                                                                       
                                                                                                                       
                                                                                                                       
                                                                                                                       
                                                         @typescript-eslint/no-unused-vars
  100:14  error    'err' is defined but never used                                                                     
                                                                                                                       
                                                                                                                       
                                                                                                                       
                                                                                                                       
                                                                                                                       
                                                                                                                       
                                                                                                                       
                                                         @typescript-eslint/no-unused-vars
  108:5   error    Error: Calling setState synchronously within an effect can trigger cascading renders
  3:10  error  'Landmark' is defined but never used. Allowed unused vars must match /^_/u  
@typescript-eslint/no-unused-vars
   4:51  error    'Moon' is defined but never used. Allowed unused vars must match /^_/u                               
                                     @typescript-eslint/no-unused-vars
   4:57  error    'Sun' is defined but never used. Allowed unused vars must match /^_/u                                
                                     @typescript-eslint/no-unused-vars
  4:69  error  'Search' is defined but never used. Allowed unused vars must match /^_/u  
@typescript-eslint/no-unused-vars
  5:15  error  'Layers' is defined but never used. Allowed unused vars must match /^_/u  
@typescript-eslint/no-unused-vars
   3:30  error  'Landmark' is defined but never used. Allowed unused vars must match /^_/u                             
                                                                                                                       
                                                                                                                       
                                                                                                                       
                                                                                                                       
                                                                                                                       
                                                                                                                       
                                                                                                                       
                                                                                                    
@typescript-eslint/no-unused-vars
  12:5   error  Error: Calling setState synchronously within an effect can trigger cascading renders
  10:30  error  'setActiveTab' is assigned a value but never used. Allowed unused vars must match /^_/u  
@typescript-eslint/no-unused-vars
  10:44  error  'openTab' is assigned a value but never used. Allowed unused vars must match /^_/u       
@typescript-eslint/no-unused-vars
  28:11  error  'get' is defined but never used. Allowed unused args must match /^_/u  
@typescript-eslint/no-unused-vars
Γ£û 187 problems (169 errors, 18 warnings)


